==============
4-print_square
==============
This function prints a square using the # character
with user specified dimensions.

>>> print_square = __import__('4-print_square').print_square

>>> print_square(4)
####
####
####
####

>>> print_square(10)
##########
##########
##########
##########
##########
##########
##########
##########
##########
##########

>>> print_square('m')
Traceback (most recent call last):
TypeError: size must be an integer

>>> print_square(-7)
Traceback (most recent call last):
ValueError: size must be >= 0
